CHANNEL:STAT|NUMBER=StatScore

LOCAL:STAT|NUMBER=Score
LOCAL:STAT|NUMBER=Mod


GLOBAL:NUMBER=STR
GLOBAL:NUMBER=DEX
GLOBAL:NUMBER=CON
GLOBAL:NUMBER=INT
GLOBAL:NUMBER=WIS
GLOBAL:NUMBER=CHA

GLOBAL:NUMBER=STRSCORE
GLOBAL:NUMBER=DEXSCORE
GLOBAL:NUMBER=CONSCORE
GLOBAL:NUMBER=INTSCORE
GLOBAL:NUMBER=WISSCORE
GLOBAL:NUMBER=CHASCORE

GLOBAL:NUMBER=LoadScore


GLOBAL:NUMBER=AC_Score


# Masterwork is assigned to all heads
LOCAL:EQUIPMENT|BOOLEAN=IsMasterwork

LOCAL:EQUIPMENT|BOOLEAN=IsMetal
LOCAL:EQUIPMENT|BOOLEAN=IsNonMetal


# Armor & Shields
GLOBAL:NUMBER=Eq_MaxDex


LOCAL:EQUIPMENT|NUMBER=Eq_ArmorCheckPenalty






#LOCAL:EQUIPMENT|NUMBER=WT	EXPLANATION:Set equipment weight
LOCAL:EQUIPMENT|NUMBER=COST	EXPLANATION:Set equipment price

GLOBAL:NUMBER=EQ_Weight



# These all tie-in with Eq_MaxDex setting (This will require that lookup chart)
GLOBAL:STRING=Encumbrance
GLOBAL:NUMBER=MaxDex
GLOBAL:NUMBER=SizeMult				EXPLANATION:Set by the SizeMult

GLOBAL:NUMBER=BaseEncumbrance			EXPLANATION:Gets value from Look up table
GLOBAL:NUMBER=LightEncumbrance		EXPLANATION:/3 of Base
GLOBAL:NUMBER=MediumEncumbrance		EXPLANATION:/2 of Base
GLOBAL:NUMBER=HeavyEncumbrance		EXPLANATION:Base
GLOBAL:NUMBER=OverloadEncumbrance		EXPLANATION:Base +1
GLOBAL:NUMBER=MediumEncumbrancePenalty
GLOBAL:NUMBER=HeavyEncumbrancePenalty

GLOBAL:NUMBER=Legs

GLOBAL:NUMBER=PC_MaxDex



###Block: Further Support for MaxDex
GLOBAL:NUMBER=FighterLVL
GLOBAL:NUMBER=ArmorTrainingTier
GLOBAL:NUMBER=ArmorTrainingLVL

###Block: Datatables
GLOBAL:NUMBER=Capacity
GLOBAL:NUMBER=LoadScore

