
GLOBAL:BOOLEAN=UseOs

# Code Control Items
GLOBAL:NUMBER=AltHp
GLOBAL:ORDEREDPAIR=Face
# CritRange already set on Equip

GLOBAL:BOOLEAN=IsLong
GLOBAL:NUMBER=Reach

# Discussion
#	LOCAL:VISION|NUMBER=Range
#	LOCAL:MOVEMENT|NUMBER=Speed

#
GLOBAL:NUMBER=TL
# We do not have STAT working, so making a fake XxxScore STRSCORE for now.
GLOBAL:NUMBER=StrScore
GLOBAL:NUMBER=DexScore
GLOBAL:NUMBER=ConScore
GLOBAL:NUMBER=IntScore
GLOBAL:NUMBER=WisScore
GLOBAL:NUMBER=ChaScore

GLOBAL:NUMBER=Str
GLOBAL:NUMBER=Dex
GLOBAL:NUMBER=Con
GLOBAL:NUMBER=Int
GLOBAL:NUMBER=Wis
GLOBAL:NUMBER=Cha



# New Scope: STAT (Not Working)
#	LOCAL:STAT|NUMBER=Mod
#	LOCAL:STAT|NUMBER=Score



# New Scope: CHECK (Not Working)
#	LOCAL:CHECK|NUMBER=Save			EXPLANATION:D20 System - Sets a local Save for each check in the system (Check is PCGen term for a Saving Throw)
#	LOCAL:CHECK|NUMBER=Save_Base		EXPLANATION:D20 System - Sets a local Save base for each check in the system (Base is modified by Classes)
#	LOCAL:CHECK|NUMBER=Save_Stat		EXPLANATION:D20 System - Sets a local Save stat for each check in the system (Stat is the MOD value)
#	LOCAL:CHECK|NUMBER=Save_Bonus		EXPLANATION:D20 System - Sets a local Save bonus for each check in the system (Anything else affecting the save)
#	LOCAL:CHECK|NUMBER=Save_Racial	EXPLANATION:D20 System - Sets a local Save racial for each check in the system (Anything else affecting the save)

# New Scope: Skill (each skill has these)
LOCAL:SKILL|NUMBER=MaxRank
LOCAL:SKILL|NUMBER=Rank
LOCAL:SKILL|NUMBER=Bonus
LOCAL:SKILL|NUMBER=Stat
LOCAL:SKILL|NUMBER=MaxRank_MOD
# EXPLANATION:Only the Highest Value is taken

LOCAL:SKILL|NUMBER=MinRank

# Global Vars - Consider using dynamic scope for AC
GLOBAL:NUMBER=AC_Total			EXPLANATION:Total AC Display
GLOBAL:NUMBER=AC_Flatfooted	
GLOBAL:NUMBER=AC_Touch		
GLOBAL:NUMBER=AC_Base		
GLOBAL:NUMBER=AC_Ability		
GLOBAL:NUMBER=AC_Size		
GLOBAL:NUMBER=AC_ClassDefense	
GLOBAL:NUMBER=AC_Misc		
GLOBAL:NUMBER=Initiative
GLOBAL:NUMBER=Initiative_Stat
GLOBAL:NUMBER=Initiative_Mod

#Skill_Bonus


GLOBAL:NUMBER=Companion_NormalMount
GLOBAL:NUMBER=Companion_NormalFollower
GLOBAL:NUMBER=ENCUMBRANCE
GLOBAL:NUMBER=Loadscore
GLOBAL:NUMBER=LoadScoreSizeMod


GLOBAL:NUMBER=Test
LOCAL:EQUIPMENT|TestLocal
LOCAL:EQUIPMENT|NUMBER=TestLocal2

LOCAL:EQUIPMENT.PART|TestLocalPart
LOCAL:EQUIPMENT.PART|NUMBER=TestLocalPart2

# Intelligent Item Support
LOCAL:EQUIPMENT|Item_Ego
LOCAL:EQUIPMENT|Item_Int
LOCAL:EQUIPMENT|Item_Wis
LOCAL:EQUIPMENT|Item_Cha

# Base Item Support - HP, Hardness are common, as is Illumination
LOCAL:EQUIPMENT|Item_Hp
LOCAL:EQUIPMENT|Item_Hardness
LOCAL:EQUIPMENT|Item_BrightIllumination
LOCAL:EQUIPMENT|Item_NormalIllumination
LOCAL:EQUIPMENT|Item_ShadowyIllumination

# Equipment Values
LOCAL:EQUIPMENT.PART|NUMBER=CritRange
LOCAL:EQUIPMENT.PART|NUMBER=CritMult

# Modifiers - These are what Feats act upon
LOCAL:EQUIPMENT.PART|NUMBER=EqCritRange
LOCAL:EQUIPMENT.PART|NUMBER=EqCritMult


### Equipment - Weapons Values
#LOCAL:EQUIPMENT.PART|ARRAY[NUMBER]=Bab
#LOCAL:EQUIPMENT.PART|ARRAY[NUMBER]=ToHit

# Set to this for now, once Array is available swap.
LOCAL:EQUIPMENT.PART|NUMBER=Bab	EXPLANATION:Bab is what we use to determine when a weapon gain an iterative attack
LOCAL:EQUIPMENT.PART|NUMBER=ToHit	EXPLANATION:ToHit is the total value of the weapon to hit a target


LOCAL:EQUIPMENT|MinAttackCount	EXPLANATION:Number of Attacks a weapon should have
LOCAL:EQUIPMENT|MinStableAttacks	EXPLANATION:Number of Iterative Attacks vs. Non-Iterative Attacks (Such as Haste, Speed or other)


LOCAL:EQUIPMENT.PART|AttackCount	EXPLANATION:Actual Attacks for the Head
LOCAL:EQUIPMENT.PART|StableAttacks	EXPLANATION:Number of Iterative Attacks
######
# Requires ARRAY
#LOCAL:EQUIPMENT|ARRAY[NUMBER]=Range

# Requires DYNAMICSCOPE
#LOCAL:VISION|Range
#LOCAL:MOVEMENT|Speed
#LOCAL:AC|Value



