
GLOBAL:NUMBER=TL

GLOBAL:NUMBER=MonsterLevel
GLOBAL:NUMBER=ClassLevel

# Temp Values
GLOBAL:NUMBER=STR
GLOBAL:NUMBER=CHA
GLOBAL:NUMBER=CON
GLOBAL:NUMBER=WIS
GLOBAL:NUMBER=INT
GLOBAL:NUMBER=DEX
GLOBAL:NUMBER=DragonAgeCategory
GLOBAL:NUMBER=ChannelResistance

GLOBAL:NUMBER=HD
GLOBAL:NUMBER=VarTest


#LOCAL:VISION|NUMBER=Range


# String or Variable?
GLOBAL:NUMBER=Maneuverability


GLOBAL:NUMBER=ArmorCheckPenalty
GLOBAL:NUMBER=FireResistanceBonus
GLOBAL:NUMBER=AcidResistanceBonus
GLOBAL:NUMBER=ColdResistanceBonus
GLOBAL:NUMBER=SonicResistanceBonus
GLOBAL:NUMBER=ElectricityResistanceBonus
GLOBAL:NUMBER=FastHealingRate
GLOBAL:NUMBER=RegenerationRate
GLOBAL:STRING=RegenerationType

GLOBAL:BOOLEAN=OverrideSubtypeLanguage
GLOBAL:BOOLEAN=HasRacialVision
GLOBAL:BOOLEAN=DefaultLanguageSetting
# Rules
GLOBAL:BOOLEAN=DisplayFullAbility



# Needs Stat Scope
GLOBAL:NUMBER=PoisonSaveDC


GLOBAL:NUMBER=FrightfulPresenceDC
GLOBAL:NUMBER=FrightfulPresenceRange



# Crush
GLOBAL:NUMBER=CrushDice
GLOBAL:NUMBER=CrushDie
GLOBAL:NUMBER=CrushBonusDamage
GLOBAL:NUMBER=CrushDC

GLOBAL:NUMBER=RockThrowingRange

###Block: MOVE TO CR --
LOCAL:EQUIPMENT|NUMBER=IntItemStatINT
LOCAL:EQUIPMENT|NUMBER=IntItemStatWIS
LOCAL:EQUIPMENT|NUMBER=IntItemStatCHA
LOCAL:EQUIPMENT|NUMBER=IntItemEgo
LOCAL:EQUIPMENT|NUMBER=IntItemSenseRange

GLOBAL:NUMBER=AnimalCompanionMasterLVL
GLOBAL:NUMBER=AnimalCompanionLVL
GLOBAL:NUMBER=FamiliarLVL
GLOBAL:NUMBER=FamiliarMasterLVL
